// Jest Snapshot v1, https://goo.gl/fbAQLP

exports[`renders correctly 1`] = `
<RCTScrollView
  contentContainerStyle={
    Object {
      "flexGrow": 1,
      "justifyContent": "space-between",
    }
  }
  style={
    Object {
      "backgroundColor": "#03875b",
      "flex": 1,
    }
  }
>
  <View>
    <View>
      <View
        accessible={true}
        focusable={true}
        onClick={[Function]}
        onResponderGrant={[Function]}
        onResponderMove={[Function]}
        onResponderRelease={[Function]}
        onResponderTerminate={[Function]}
        onResponderTerminationRequest={[Function]}
        onStartShouldSetResponder={[Function]}
        style={
          Object {
            "alignContent": "center",
            "alignSelf": "center",
            "color": "black",
            "flexDirection": "row",
            "fontSize": 15,
            "height": 50,
            "justifyContent": "center",
            "margin": 5,
            "opacity": 1,
          }
        }
      >
        <Image
          source={
            Object {
              "process": [Function],
            }
          }
          style={
            Object {
              "alignSelf": "center",
              "height": 20,
              "marginHorizontal": 10,
              "width": 20,
            }
          }
        />
        <Text
          style={
            Object {
              "alignSelf": "center",
              "fontFamily": "Exo2-VariableFont_wght",
              "fontSize": 20,
            }
          }
        >
          City not found
          , 
        </Text>
        <Text
          style={
            Object {
              "alignSelf": "center",
              "fontFamily": "Exo2-VariableFont_wght",
              "fontSize": 20,
            }
          }
        >
          try again
        </Text>
      </View>
    </View>
    <View
      style={
        Object {
          "alignItems": "center",
          "alignSelf": "center",
          "color": "black",
          "fontSize": 45,
          "justifyContent": "center",
          "margin": 0.5,
          "padding": 1,
          "textAlign": "center",
          "width": 200,
        }
      }
    >
      <Text
        style={
          Object {
            "fontSize": 70,
          }
        }
      >
        0
        Â°C
      </Text>
      <View
        style={
          Object {
            "alignItems": "center",
            "flexDirection": "row",
            "height": 50,
            "marginHorizontal": 5,
          }
        }
      >
        <Image
          source={
            Object {
              "process": [Function],
            }
          }
          style={
            Object {
              "height": 40,
              "marginHorizontal": 15,
              "width": 40,
            }
          }
        />
        <Text
          style={
            Object {
              "fontFamily": "Exo2-VariableFont_wght",
              "fontSize": 20,
            }
          }
        >
          0
           
          km/h
        </Text>
      </View>
      <View
        style={
          Object {
            "alignItems": "center",
            "flexDirection": "row",
            "height": 50,
            "marginHorizontal": 5,
          }
        }
      >
        <Image
          source={
            Object {
              "process": [Function],
            }
          }
          style={
            Object {
              "height": 40,
              "marginHorizontal": 15,
              "width": 40,
            }
          }
        />
        <Text
          style={
            Object {
              "fontFamily": "Exo2-VariableFont_wght",
              "fontSize": 20,
            }
          }
        >
          0
          %
        </Text>
      </View>
      <View
        style={
          Object {
            "alignItems": "center",
            "flexDirection": "row",
            "height": 50,
            "marginHorizontal": 5,
          }
        }
      >
        <Image
          source={
            Object {
              "process": [Function],
            }
          }
          style={
            Object {
              "height": 40,
              "marginHorizontal": 15,
              "width": 40,
            }
          }
        />
        <Text
          style={
            Object {
              "fontFamily": "Exo2-VariableFont_wght",
              "fontSize": 20,
            }
          }
        >
          0
           hPa
        </Text>
      </View>
      <Image
        source={
          Object {
            "process": [Function],
          }
        }
        style={
          Object {
            "height": 125,
            "margin": 15,
            "width": 125,
          }
        }
      />
    </View>
    <View
      accessibilityRole="button"
      accessibilityState={Object {}}
      accessible={true}
      focusable={true}
      onClick={[Function]}
      onResponderGrant={[Function]}
      onResponderMove={[Function]}
      onResponderRelease={[Function]}
      onResponderTerminate={[Function]}
      onResponderTerminationRequest={[Function]}
      onStartShouldSetResponder={[Function]}
      style={
        Object {
          "opacity": 1,
        }
      }
    >
      <View
        style={
          Array [
            Object {},
          ]
        }
      >
        <Text
          style={
            Array [
              Object {
                "color": "#007AFF",
                "fontSize": 18,
                "margin": 8,
                "textAlign": "center",
              },
            ]
          }
        >
          Go to 7 days forecast
        </Text>
      </View>
    </View>
    <View
      style={
        Object {
          "alignSelf": "center",
          "color": "black",
          "flexDirection": "row",
          "fontSize": 10,
          "margin": 0.5,
          "padding": 1,
          "textAlign": "center",
        }
      }
    >
      <Text>
        Icons made by 
      </Text>
      <View
        accessible={true}
        focusable={true}
        onClick={[Function]}
        onResponderGrant={[Function]}
        onResponderMove={[Function]}
        onResponderRelease={[Function]}
        onResponderTerminate={[Function]}
        onResponderTerminationRequest={[Function]}
        onStartShouldSetResponder={[Function]}
        style={
          Object {
            "opacity": 1,
          }
        }
      >
        <Text>
          Those Icons
        </Text>
      </View>
      <Text>
         from 
      </Text>
      <View
        accessible={true}
        focusable={true}
        onClick={[Function]}
        onResponderGrant={[Function]}
        onResponderMove={[Function]}
        onResponderRelease={[Function]}
        onResponderTerminate={[Function]}
        onResponderTerminationRequest={[Function]}
        onStartShouldSetResponder={[Function]}
        style={
          Object {
            "opacity": 1,
          }
        }
      >
        <Text>
          www.flaticon.com
        </Text>
      </View>
    </View>
  </View>
</RCTScrollView>
`;
